PS C:\Users\Jegatheeswari\BlogM_Project> git clone https://github.com/Jegatheeswari-K/Blogmanagement.git
remote: Compressing objects: 100% (10/10), done.
Receiving objects: 100% (12/12), done.
Resolving deltas: 100% (1/1), done.
PS C:\Users\Jegatheeswari\BlogM_Project> cd Blogmanagement
PS C:\Users\Jegatheeswari\BlogM_Project\Blogmanagement> git push origin main
Everything up-to-date
PS C:\Users\Jegatheeswari\BlogM_Project\Blogmanagement> git commit -m "AuthenticationPage.java file created"
[main 3f5ac8f] AuthenticationPage.java file created
 1 file changed, 0 insertions(+), 0 deletions(-)
 create mode 100644 AuthenticationPage.java
PS C:\Users\Jegatheeswari\BlogM_Project\Blogmanagement> git push origin main
Enumerating objects: 4, done.
Delta compression using up to 8 threads
Compressing objects: 100% (2/2), done.
Writing objects: 100% (3/3), 350 bytes | 31.00 KiB/s, done.
To https://github.com/Jegatheeswari-K/Blogmanagement.git
   1031a1f..3f5ac8f  main -> main
PS C:\Users\Jegatheeswari\BlogM_Project\Blogmanagement> git branch -a
* main
  remotes/origin/HEAD -> origin/main
  remotes/origin/main
PS C:\Users\Jegatheeswari\BlogM_Project\Blogmanagement> git status

Changes to be committed:
  (use "git restore --staged <file>..." to unstage)

PS C:\Users\Jegatheeswari\BlogM_Project\Blogmanagement> git add .
PS C:\Users\Jegatheeswari\BlogM_Project\Blogmanagement> git commit -m "Validation.java file deleted"
[main e7e4bbe] Validation.java file deleted
 1 file changed, 5 deletions(-)
 delete mode 100644 ValidationFile.java
PS C:\Users\Jegatheeswari\BlogM_Project\Blogmanagement> git push origin main
Enumerating objects: 3, done.
Counting objects: 100% (3/3), done.
Compressing objects: 100% (2/2), done.
Writing objects: 100% (2/2), 241 bytes | 120.00 KiB/s, done.
Total 2 (delta 1), reused 0 (delta 0), pack-reused 0 (from 0)
To https://github.com/Jegatheeswari-K/Blogmanagement.git
   3f5ac8f..e7e4bbe  main -> main
PS C:\Users\Jegatheeswari\BlogM_Project\Blogmanagement> git branch -a
  remotes/origin/HEAD -> origin/main
  remotes/origin/main
PS C:\Users\Jegatheeswari\BlogM_Project\Blogmanagement> git branch -a
* main
  remotes/origin/main
PS C:\Users\Jegatheeswari\BlogM_Project\Blogmanagement> git pull
From https://github.com/Jegatheeswari-K/Blogmanagement
 * [new branch]      Jega       -> origin/Jega
 * [new branch]      Manii      -> origin/Manii
PS C:\Users\Jegatheeswari\BlogM_Project\Blogmanagement> git branch -a
  remotes/origin/HEAD -> origin/main
  remotes/origin/Jega
  remotes/origin/Manii
  remotes/origin/main
PS C:\Users\Jegatheeswari\BlogM_Project\Blogmanagement> git branch checkout Manii
fatal: not a valid object name: 'Manii'
PS C:\Users\Jegatheeswari\BlogM_Project\Blogmanagement> git branch -checkout Manii
usage: git branch [<options>] [-r | -a] [--merged] [--no-merged]
   or: git branch [<options>] [-f] [--recurse-submodules] <branch-name> [<start-point>]
   or: git branch [<options>] [-l] [<pattern>...]
   or: git branch [<options>] [-r] (-d | -D) <branch-name>...
   or: git branch [<options>] (-m | -M) [<old-branch>] <new-branch>
   or: git branch [<options>] (-c | -C) [<old-branch>] <new-branch>
   or: git branch [<options>] [-r | -a] [--points-at]
   or: git branch [<options>] [-r | -a] [--format]

Generic options
    -v, --[no-]verbose    show hash and subject, give twice for upstream branch
    -q, --[no-]quiet      suppress informational messages
    -t, --[no-]track[=(direct|inherit)]
                          set branch tracking configuration
    -u, --[no-]set-upstream-to <upstream>
                          change the upstream info
    --[no-]unset-upstream unset the upstream info
    --[no-]color[=<when>] use colored output
    -r, --remotes         act on remote-tracking branches
    --contains <commit>   print only branches that contain the commit
    --no-contains <commit>
                          print only branches that don't contain the commit
    --[no-]abbrev[=<n>]   use <n> digits to display object names

Specific git-branch actions:
    -a, --all             list both remote-tracking and local branches
    -d, --[no-]delete     delete fully merged branch
    -D                    delete branch (even if not merged)
    -m, --[no-]move       move/rename a branch and its reflog
    -M                    move/rename a branch, even if target exists
    --[no-]omit-empty     do not output a newline after empty formatted refs
    -c, --[no-]copy       copy a branch and its reflog
    -C                    copy a branch, even if target exists
    -l, --[no-]list       list branch names
    --[no-]show-current   show current branch name
    --[no-]create-reflog  create the branch's reflog
    --[no-]edit-description
                          edit the description for the branch
    -f, --[no-]force      force creation, move/rename, deletion
    --merged <commit>     print only branches that are merged
    --no-merged <commit>  print only branches that are not merged
    --[no-]column[=<style>]
                          list branches in columns
    --[no-]sort <key>     field name to sort on
    --[no-]points-at <object>
                          print only branches of the object
                          sorting and filtering are case insensitive
    --[no-]recurse-submodules
                          format to use for the output

PS C:\Users\Jegatheeswari\BlogM_Project\Blogmanagement> git checkout Manii
Switched to a new branch 'Manii'
PS C:\Users\Jegatheeswari\BlogM_Project\Blogmanagement> git commit -m "Meow.java file added"
[Manii 49da089] Meow.java file added
 1 file changed, 5 insertions(+)
 create mode 100644 Meow.java
PS C:\Users\Jegatheeswari\BlogM_Project\Blogmanagement> git push origin main
Everything up-to-date
PS C:\Users\Jegatheeswari\BlogM_Project\Blogmanagement> git push origin Manii
Enumerating objects: 4, done.
Counting objects: 100% (4/4), done.
Compressing objects: 100% (3/3), done.
Writing objects: 100% (3/3), 373 bytes | 93.00 KiB/s, done.
Total 3 (delta 1), reused 0 (delta 0), pack-reused 0 (from 0)
remote: Resolving deltas: 100% (1/1), completed with 1 local object.
   e7e4bbe..49da089  Manii -> Manii
PS C:\Users\Jegatheeswari\BlogM_Project\Blogmanagement> git status
Your branch is up to date with 'origin/Manii'.

nothing to commit, working tree clean
PS C:\Users\Jegatheeswari\BlogM_Project\Blogmanagement> git checkout Jega
branch 'Jega' set up to track 'origin/Jega'.
Switched to a new branch 'Jega'
PS C:\Users\Jegatheeswari\BlogM_Project\Blogmanagement> pull
pull : The term 'pull' is not recognized as the name of a cmdlet, function, script file, or operable program. Check the spelling of the name, or
At line:1 char:1
+ pull
+ ~~~~
    + CategoryInfo          : ObjectNotFound: (pull:String) [], CommandNotFoundException
    + FullyQualifiedErrorId : CommandNotFoundException

PS C:\Users\Jegatheeswari\BlogM_Project\Blogmanagement> git pull
remote: Counting objects: 100% (1/1), done.
remote: Total 1 (delta 0), reused 0 (delta 0), pack-reused 0 (from 0)
Unpacking objects: 100% (1/1), 894 bytes | 47.00 KiB/s, done.
From https://github.com/Jegatheeswari-K/Blogmanagement
Already up to date.
PS C:\Users\Jegatheeswari\BlogM_Project\Blogmanagement> git status
On branch Jega
Your branch is up to date with 'origin/Jega'.

nothing to commit, working tree clean
PS C:\Users\Jegatheeswari\BlogM_Project\Blogmanagement> git pull origin main
From https://github.com/Jegatheeswari-K/Blogmanagement
 * branch            main       -> FETCH_HEAD
Updating e7e4bbe..40737d8
Fast-forward
 Meow.java | 5 +++++
 1 file changed, 5 insertions(+)
 create mode 100644 Meow.java
PS C:\Users\Jegatheeswari\BlogM_Project\Blogmanagement>
